------------------------------------------------------------
Timing Analyzer Summary
------------------------------------------------------------

Type  : Slow 1200mV 85C Model Setup 'CLK'
Slack : -11.816
TNS   : -88.442

Type  : Slow 1200mV 85C Model Setup '74161:inst19|f74161:sub|87'
Slack : -11.351
TNS   : -70.809

Type  : Slow 1200mV 85C Model Hold '74161:inst19|f74161:sub|87'
Slack : -2.773
TNS   : -4.744

Type  : Slow 1200mV 85C Model Hold 'CLK'
Slack : 0.485
TNS   : 0.000

Type  : Slow 1200mV 85C Model Recovery 'CLK'
Slack : -11.403
TNS   : -87.742

Type  : Slow 1200mV 85C Model Recovery '74161:inst19|f74161:sub|87'
Slack : -10.824
TNS   : -78.638

Type  : Slow 1200mV 85C Model Removal '74161:inst19|f74161:sub|87'
Slack : -1.000
TNS   : -1.563

Type  : Slow 1200mV 85C Model Removal 'CLK'
Slack : 0.748
TNS   : 0.000

Type  : Slow 1200mV 85C Model Minimum Pulse Width '74161:inst19|f74161:sub|87'
Slack : -3.420
TNS   : -153.990

Type  : Slow 1200mV 85C Model Minimum Pulse Width 'CLK'
Slack : -3.000
TNS   : -14.896

Type  : Slow 1200mV 0C Model Setup 'CLK'
Slack : -10.806
TNS   : -81.131

Type  : Slow 1200mV 0C Model Setup '74161:inst19|f74161:sub|87'
Slack : -10.554
TNS   : -65.700

Type  : Slow 1200mV 0C Model Hold '74161:inst19|f74161:sub|87'
Slack : -2.508
TNS   : -4.324

Type  : Slow 1200mV 0C Model Hold 'CLK'
Slack : 0.430
TNS   : 0.000

Type  : Slow 1200mV 0C Model Recovery 'CLK'
Slack : -10.587
TNS   : -81.232

Type  : Slow 1200mV 0C Model Recovery '74161:inst19|f74161:sub|87'
Slack : -9.913
TNS   : -73.108

Type  : Slow 1200mV 0C Model Removal '74161:inst19|f74161:sub|87'
Slack : -0.986
TNS   : -1.584

Type  : Slow 1200mV 0C Model Removal 'CLK'
Slack : 0.575
TNS   : 0.000

Type  : Slow 1200mV 0C Model Minimum Pulse Width '74161:inst19|f74161:sub|87'
Slack : -3.306
TNS   : -141.043

Type  : Slow 1200mV 0C Model Minimum Pulse Width 'CLK'
Slack : -3.000
TNS   : -14.896

Type  : Fast 1200mV 0C Model Setup 'CLK'
Slack : -4.669
TNS   : -35.022

Type  : Fast 1200mV 0C Model Setup '74161:inst19|f74161:sub|87'
Slack : -4.528
TNS   : -28.010

Type  : Fast 1200mV 0C Model Hold '74161:inst19|f74161:sub|87'
Slack : -0.887
TNS   : -1.442

Type  : Fast 1200mV 0C Model Hold 'CLK'
Slack : 0.201
TNS   : 0.000

Type  : Fast 1200mV 0C Model Recovery 'CLK'
Slack : -4.579
TNS   : -35.148

Type  : Fast 1200mV 0C Model Recovery '74161:inst19|f74161:sub|87'
Slack : -4.351
TNS   : -31.208

Type  : Fast 1200mV 0C Model Removal '74161:inst19|f74161:sub|87'
Slack : -0.428
TNS   : -0.595

Type  : Fast 1200mV 0C Model Removal 'CLK'
Slack : 0.340
TNS   : 0.000

Type  : Fast 1200mV 0C Model Minimum Pulse Width 'CLK'
Slack : -3.000
TNS   : -11.796

Type  : Fast 1200mV 0C Model Minimum Pulse Width '74161:inst19|f74161:sub|87'
Slack : -1.352
TNS   : -51.193

------------------------------------------------------------
